<wasm>
  <k>
    .
  </k>
  <valstack>
    .ValStack
  </valstack>
  <curFrame>
    <locals>
      .Map
    </locals>
    <localIds>
      .Map
    </localIds>
    <curModIdx>
      .Int
    </curModIdx>
  </curFrame>
  <bmodule>
    .BUnits
  </bmodule>
  <bstatus>
    "idle"
  </bstatus>
  <blength>
    0
  </blength>
  <bbuffer>
    .BUnits
  </bbuffer>
  <moduleRegistry>
    .Map
  </moduleRegistry>
  <moduleIds>
    .Map
  </moduleIds>
  <moduleInstances>
    .Map
  </moduleInstances>
  <nextModuleIdx>
    0
  </nextModuleIdx>
  <mainStore>
    <funcs>
      .Map
    </funcs>
    <nextFuncAddr>
      0
    </nextFuncAddr>
    <tabs>
      .Map
    </tabs>
    <nextTabAddr>
      0
    </nextTabAddr>
    <mems>
      .Map
    </mems>
    <nextMemAddr>
      0
    </nextMemAddr>
    <globals>
      .Map
    </globals>
    <nextGlobAddr>
      0
    </nextGlobAddr>
  </mainStore>
  <deterministicMemoryGrowth>
    true
  </deterministicMemoryGrowth>
  <nextFreshId>
    0
  </nextFreshId>
</wasm>
